[
  {
    "id": -1,
    "userId": "123",
    "date": "0001-01-01T00:00:00",
    "amount": "3",
    "balance": 0,
    "reason": "Automatically added"
  },
  {
    "id": -1,
    "userId": "124",
    "date": "0001-01-01T00:00:00",
    "amount": "3",
    "balance": 0,
    "reason": "Automatically added"
  },
  {
    "id": -1,
    "userId": "125",
    "date": "0001-01-01T00:00:00",
    "amount": "5",
    "balance": 0,
    "reason": "Automatically added"
  }
]