{
  "id": -1,
  "objective": "This is a test bet.",
  "maximumBet": null,
  "options": [
    {
      "description": "She will live",
      "id": -1,
      "odds": null,
      "total": "100"
    },
    {
      "description": "She will die",
      "id": -1,
      "odds": null,
      "total": "200"
    }
  ],
  "status": "Canceled",
  "winningOption": null,
  "total": "300",
  "alreadyBet": false
}