{
  "Id": -1,
  "Objective": "This is a test bet.",
  "MaximumBet": null,
  "Options": [
    {
      "Description": "She will live",
      "Id": -1,
      "Odds": null,
      "Total": 0
    },
    {
      "Description": "She will die",
      "Id": -1,
      "Odds": null,
      "Total": 0
    }
  ],
  "Status": "Done",
  "WinningOption": -1,
  "Total": 0,
  "AlreadyBet": false
}